1: lo: <LOOPBACK,UP,LOWER_UP> mtu 65536 qdisc noqueue state UNKNOWN mode DEFAULT group default
    link/loopback 00:00:00:00:00:00 brd 00:00:00:00:00:00
2: wlp2s0: <BROADCAST,MULTICAST,UP,LOWER_UP> mtu 1500 qdisc mq state UP mode DEFAULT group default qlen 1000
    link/ether 00:0e:8e:64:2a:9c brd ff:ff:ff:ff:ff:ff
3: eno2: <NO-CARRIER,BROADCAST,MULTICAST,UP> mtu 1500 qdisc fq_codel state DOWN mode DEFAULT group default qlen 1000
    link/ether 54:be:f7:66:52:3f brd ff:ff:ff:ff:ff:ff
4: eno1: <BROADCAST,MULTICAST,UP,LOWER_UP> mtu 1500 qdisc fq_codel state UP mode DEFAULT group default qlen 1000
    link/ether 54:be:f7:66:52:40 brd ff:ff:ff:ff:ff:ff
5: docker0: <BROADCAST,MULTICAST,UP,LOWER_UP> mtu 1500 qdisc noqueue state UP mode DEFAULT group default
    link/ether 02:42:1d:fd:21:78 brd ff:ff:ff:ff:ff:ff
7: veth2a4316d@if6: <BROADCAST,MULTICAST,UP,LOWER_UP> mtu 1500 qdisc noqueue master docker0 state UP mode DEFAULT group default
    link/ether 06:15:b6:be:a5:6b brd ff:ff:ff:ff:ff:ff
9: veth9c5fcc1@if8: <BROADCAST,MULTICAST,UP,LOWER_UP> mtu 1500 qdisc noqueue master docker0 state UP mode DEFAULT group default
    link/ether 4e:d5:6a:8d:9b:01 brd ff:ff:ff:ff:ff:ff
11: veth33ca4dd@if10: <BROADCAST,MULTICAST,UP,LOWER_UP> mtu 1500 qdisc noqueue master docker0 state UP mode DEFAULT group default
    link/ether 3a:90:28:36:d2:27 brd ff:ff:ff:ff:ff:ff
13: vethc86568d@if12: <BROADCAST,MULTICAST,UP,LOWER_UP> mtu 1500 qdisc noqueue master docker0 state UP mode DEFAULT group default
    link/ether 52:9e:d5:14:ca:99 brd ff:ff:ff:ff:ff:ff
15: veth9d09720@if14: <BROADCAST,MULTICAST,UP,LOWER_UP> mtu 1500 qdisc noqueue master docker0 state UP mode DEFAULT group default
    link/ether ce:f0:0a:a0:10:8d brd ff:ff:ff:ff:ff:ff
17: vethbdb561d@if16: <BROADCAST,MULTICAST,UP,LOWER_UP> mtu 1500 qdisc noqueue master docker0 state UP mode DEFAULT group default
    link/ether 02:8d:91:48:af:bb brd ff:ff:ff:ff:ff:ff
19: veth032b1cc@if18: <BROADCAST,MULTICAST,UP,LOWER_UP> mtu 1500 qdisc noqueue master docker0 state UP mode DEFAULT group default
    link/ether f2:0f:e3:29:9f:78 brd ff:ff:ff:ff:ff:ff
21: veth2ac59e7@if20: <BROADCAST,MULTICAST,UP,LOWER_UP> mtu 1500 qdisc noqueue master docker0 state UP mode DEFAULT group default
    link/ether ce:96:83:a2:7e:83 brd ff:ff:ff:ff:ff:ff
23: vethdd3ba6c@if22: <BROADCAST,MULTICAST,UP,LOWER_UP> mtu 1500 qdisc noqueue master docker0 state UP mode DEFAULT group default
    link/ether ae:10:b7:93:b0:e9 brd ff:ff:ff:ff:ff:ff
24: wlp2s1: <BROADCAST,MULTICAST,UP,LOWER_UP> mtu 1500 qdisc mq state UP mode DEFAULT group default qlen 1000
    link/ether 02:0e:8e:64:2a:01 brd ff:ff:ff:ff:ff:ff
26: veth9934014@if25: <BROADCAST,MULTICAST,UP,LOWER_UP> mtu 1500 qdisc noqueue master docker0 state UP mode DEFAULT group default
    link/ether 1e:43:52:1f:aa:f0 brd ff:ff:ff:ff:ff:ff
30: veth218736e@if29: <BROADCAST,MULTICAST,UP,LOWER_UP> mtu 1500 qdisc noqueue master docker0 state UP mode DEFAULT group default
    link/ether ca:0f:a1:05:6a:5a brd ff:ff:ff:ff:ff:ff
32: vethcffe786@if31: <BROADCAST,MULTICAST,UP,LOWER_UP> mtu 1500 qdisc noqueue master docker0 state UP mode DEFAULT group default
    link/ether 66:2c:66:55:4b:78 brd ff:ff:ff:ff:ff:ff
34: veth7e53064@if33: <BROADCAST,MULTICAST,UP,LOWER_UP> mtu 1500 qdisc noqueue master docker0 state UP mode DEFAULT group default
    link/ether 72:4c:18:48:61:ad brd ff:ff:ff:ff:ff:ff
36: vethf27ac44@if35: <BROADCAST,MULTICAST,UP,LOWER_UP> mtu 1500 qdisc noqueue master docker0 state UP mode DEFAULT group default
    link/ether b6:fa:26:b5:aa:19 brd ff:ff:ff:ff:ff:ff
38: veth28a2b72@if37: <BROADCAST,MULTICAST,UP,LOWER_UP> mtu 1500 qdisc noqueue master docker0 state UP mode DEFAULT group default
    link/ether 6a:35:7a:ef:95:74 brd ff:ff:ff:ff:ff:ff
40: veth8ebe31a@if39: <BROADCAST,MULTICAST,UP,LOWER_UP> mtu 1500 qdisc noqueue master docker0 state UP mode DEFAULT group default
    link/ether 0a:c5:bf:6f:40:f2 brd ff:ff:ff:ff:ff:ff
42: veth391feb0@if41: <BROADCAST,MULTICAST,UP,LOWER_UP> mtu 1500 qdisc noqueue master docker0 state UP mode DEFAULT group default
    link/ether 86:07:1b:29:95:ce brd ff:ff:ff:ff:ff:ff
44: veth0995f8f@if43: <BROADCAST,MULTICAST,UP,LOWER_UP> mtu 1500 qdisc noqueue master docker0 state UP mode DEFAULT group default
    link/ether d6:e6:69:6d:5b:45 brd ff:ff:ff:ff:ff:ff
46: veth53264e1@if45: <BROADCAST,MULTICAST,UP,LOWER_UP> mtu 1500 qdisc noqueue master docker0 state UP mode DEFAULT group default
    link/ether 1e:59:d0:71:86:b8 brd ff:ff:ff:ff:ff:ff
48: veth3b1e58f@if47: <BROADCAST,MULTICAST,UP,LOWER_UP> mtu 1500 qdisc noqueue master docker0 state UP mode DEFAULT group default
    link/ether d6:4c:52:aa:78:27 brd ff:ff:ff:ff:ff:ff
60: veth05b3ea3@if59: <BROADCAST,MULTICAST,UP,LOWER_UP> mtu 1500 qdisc noqueue master docker0 state UP mode DEFAULT group default
    link/ether 3e:63:79:df:7c:d7 brd ff:ff:ff:ff:ff:ff